// Jest Snapshot v1, https://goo.gl/fbAQLP

exports[`Dev test renders index route 1`] = `
"/* windicss(boot) */
*, ::before, ::after {
  box-sizing: border-box;
  border-width: 0;
  border-style: solid;
  border-color: #e7e5e4;
}
* {
  --tw-ring-inset: var(--tw-empty,/*!*/ /*!*/);
  --tw-ring-offset-width: 0px;
  --tw-ring-offset-color: #fff;
  --tw-ring-color: rgba(14, 165, 233, 0.5);
  --tw-ring-offset-shadow: 0 0 rgba(0,0,0,0);
  --tw-ring-shadow: 0 0 rgba(0,0,0,0);
  --tw-shadow: 0 0 rgba(0,0,0,0);
}
:root {
  -moz-tab-size: 4;
  -o-tab-size: 4;
  tab-size: 4;
}
:-moz-focusring {
  outline: 1px dotted ButtonText;
}
:-moz-ui-invalid {
  box-shadow: none;
}
::moz-focus-inner {
  border-style: none;
  padding: 0;
}
::-webkit-inner-spin-button, ::-webkit-outer-spin-button {
  height: auto;
}
::-webkit-search-decoration {
  -webkit-appearance: none;
}
::-webkit-file-upload-button {
  -webkit-appearance: button;
  font: inherit;
}
[type='search'] {
  -webkit-appearance: textfield;
  outline-offset: -2px;
}
abbr[title] {
  -webkit-text-decoration: underline dotted;
  text-decoration: underline dotted;
}
body {
  margin: 0;
  font-family: inherit;
  line-height: inherit;
}
html {
  -webkit-text-size-adjust: 100%;
  font-family: ui-sans-serif,system-ui, -apple-system, Segoe UI, Roboto, Ubuntu, Cantarell, Noto Sans, sans-serif,BlinkMacSystemFont,\\"Segoe UI\\",Roboto,\\"Helvetica Neue\\",Arial,\\"Noto Sans\\",sans-serif,\\"Apple Color Emoji\\",\\"Segoe UI Emoji\\",\\"Segoe UI Symbol\\",\\"Noto Color Emoji\\",Inter var,ui-sans-serif,system-ui,-apple-system,BlinkMacSystemFont,\\"Segoe UI\\",Roboto,\\"Helvetica Neue\\",Arial,\\"Noto Sans\\",sans-serif,\\"Apple Color Emoji\\",\\"Segoe UI Emoji\\",\\"Segoe UI Symbol\\",\\"Noto Color Emoji\\";
  line-height: 1.5;
}
a {
  color: inherit;
  text-decoration: inherit;
}
h1, h3, p {
  margin: 0;
}
h1, h3 {
  font-size: inherit;
  font-weight: inherit;
}
img {
  border-style: solid;
  display: block;
  vertical-align: middle;
  max-width: 100%;
  height: auto;
}
.prose {
  color: #3f3f46;
  max-width: 65ch;
  font-size: 1rem;
  line-height: 1.75;
}
.prose [class~=\\"lead\\"] {
  color: #52525b;
  font-size: 1.25em;
  line-height: 1.6;
  margin-top: 1.2em;
  margin-bottom: 1.2em;
}
.prose a {
  color: #18181b;
  text-decoration: underline;
  font-weight: 500;
}
.prose strong {
  color: #18181b;
  font-weight: 600;
}
.prose ol[type=\\"A\\"] {
  --list-counter-style: upper-alpha;
}
.prose ol[type=\\"a\\"] {
  --list-counter-style: lower-alpha;
}
.prose ol[type=\\"A s\\"] {
  --list-counter-style: upper-alpha;
}
.prose ol[type=\\"a s\\"] {
  --list-counter-style: lower-alpha;
}
.prose ol[type=\\"I\\"] {
  --list-counter-style: upper-roman;
}
.prose ol[type=\\"i\\"] {
  --list-counter-style: lower-roman;
}
.prose ol[type=\\"I s\\"] {
  --list-counter-style: upper-roman;
}
.prose ol[type=\\"i s\\"] {
  --list-counter-style: lower-roman;
}
.prose ol[type=\\"1\\"] {
  --list-counter-style: decimal;
}
.prose ol > li {
  position: relative;
  padding-left: 1.75em;
}
.prose ol > li::before {
  content: counter(list-item, decimal) \\".\\";
  content: counter(list-item, var(--list-counter-style, decimal)) \\".\\";
  position: absolute;
  font-weight: 400;
  color: #71717a;
  left: 0;
}
.prose ul > li {
  position: relative;
  padding-left: 1.75em;
}
.prose ul > li::before {
  content: \\"\\";
  position: absolute;
  background-color: #d4d4d8;
  border-radius: 50%;
  width: 0.375em;
  height: 0.375em;
  top: calc(0.875em - 0.1875em);
  left: 0.25em;
}
.prose hr {
  border-color: #e4e4e7;
  margin-top: 3em;
  margin-bottom: 3em;
}
.prose blockquote {
  font-weight: 500;
  font-style: italic;
  color: #18181b;
  border-left-width: 0.25rem;
  border-left-color: #e4e4e7;
  quotes: \\"\\\\201C\\"\\"\\\\201D\\"\\"\\\\2018\\"\\"\\\\2019\\";
  margin-top: 1.6em;
  margin-bottom: 1.6em;
  padding-left: 1em;
}
.prose blockquote p:first-of-type::before {
  content: open-quote;
}
.prose blockquote p:last-of-type::after {
  content: close-quote;
}
.prose h1 {
  color: #18181b;
  font-weight: 800;
  font-size: 2.25em;
  margin-top: 0;
  margin-bottom: 0.8888889em;
  line-height: 1.1111111;
}
.prose h2 {
  color: #18181b;
  font-weight: 700;
  font-size: 1.5em;
  margin-top: 2em;
  margin-bottom: 1em;
  line-height: 1.3333333;
}
.prose h3 {
  color: #18181b;
  font-weight: 600;
  font-size: 1.25em;
  margin-top: 1.6em;
  margin-bottom: 0.6em;
  line-height: 1.6;
}
.prose h4 {
  color: #18181b;
  font-weight: 600;
  margin-top: 1.5em;
  margin-bottom: 0.5em;
  line-height: 1.5;
}
.prose figure figcaption {
  color: #71717a;
  font-size: 0.875em;
  line-height: 1.4285714;
  margin-top: 0.8571429em;
}
.prose code {
  color: #18181b;
  font-weight: 600;
  font-size: 0.875em;
}
.prose code::before {
  content: \\"\`\\";
}
.prose code::after {
  content: \\"\`\\";
}
.prose a code {
  color: #18181b;
}
.prose pre {
  color: #e4e4e7;
  background-color: #27272a;
  overflow-x: auto;
  font-size: 0.875em;
  line-height: 1.7142857;
  margin-top: 1.7142857em;
  margin-bottom: 1.7142857em;
  border-radius: 0.375rem;
  padding-top: 0.8571429em;
  padding-right: 1.1428571em;
  padding-bottom: 0.8571429em;
  padding-left: 1.1428571em;
}
.prose pre code {
  background-color: transparent;
  border-width: 0;
  border-radius: 0;
  padding: 0;
  font-weight: 400;
  color: inherit;
  font-size: inherit;
  font-family: inherit;
  line-height: inherit;
}
.prose pre code::before {
  content: none;
}
.prose pre code::after {
  content: none;
}
.prose table {
  width: 100%;
  table-layout: auto;
  text-align: left;
  margin-top: 2em;
  margin-bottom: 2em;
  font-size: 0.875em;
  line-height: 1.7142857;
}
.prose thead {
  color: #18181b;
  font-weight: 600;
  border-bottom-width: 1px;
  border-bottom-color: #d4d4d8;
}
.prose thead th {
  vertical-align: bottom;
  padding-right: 0.5714286em;
  padding-bottom: 0.5714286em;
  padding-left: 0.5714286em;
}
.prose tbody tr {
  border-bottom-width: 1px;
  border-bottom-color: #e4e4e7;
}
.prose tbody tr:last-child {
  border-bottom-width: 0;
}
.prose tbody td {
  vertical-align: top;
  padding-top: 0.5714286em;
  padding-right: 0.5714286em;
  padding-bottom: 0.5714286em;
  padding-left: 0.5714286em;
}
.prose p {
  margin-top: 1.25em;
  margin-bottom: 1.25em;
}
.prose img {
  margin-top: 2em;
  margin-bottom: 2em;
}
.prose video {
  margin-top: 2em;
  margin-bottom: 2em;
}
.prose figure {
  margin-top: 2em;
  margin-bottom: 2em;
}
.prose figure > * {
  margin-top: 0;
  margin-bottom: 0;
}
.prose h2 code {
  font-size: 0.875em;
}
.prose h3 code {
  font-size: 0.9em;
}
.prose ol {
  margin-top: 1.25em;
  margin-bottom: 1.25em;
  list-style-type: none;
}
.prose ul {
  margin-top: 1.25em;
  margin-bottom: 1.25em;
  list-style-type: none;
}
.prose li {
  margin-top: 0.5em;
  margin-bottom: 0.5em;
}
.prose > ul > li p {
  margin-top: 0.75em;
  margin-bottom: 0.75em;
}
.prose > ul > li > *:first-child {
  margin-top: 1.25em;
}
.prose > ul > li > *:last-child {
  margin-bottom: 1.25em;
}
.prose > ol > li > *:first-child {
  margin-top: 1.25em;
}
.prose > ol > li > *:last-child {
  margin-bottom: 1.25em;
}
.prose ul ul, .prose ul ol, .prose ol ul, .prose ol ol {
  margin-top: 0.75em;
  margin-bottom: 0.75em;
}
.prose hr + * {
  margin-top: 0;
}
.prose h2 + * {
  margin-top: 0;
}
.prose h3 + * {
  margin-top: 0;
}
.prose h4 + * {
  margin-top: 0;
}
.prose thead th:first-child {
  padding-left: 0;
}
.prose thead th:last-child {
  padding-right: 0;
}
.prose tbody td:first-child {
  padding-left: 0;
}
.prose tbody td:last-child {
  padding-right: 0;
}
.prose > :first-child {
  margin-top: 0;
}
.prose > :last-child {
  margin-bottom: 0;
}
.prose-xl {
  font-size: 1.25rem;
  line-height: 1.8;
}
.prose-xl p {
  margin-top: 1.2em;
  margin-bottom: 1.2em;
}
.prose-xl [class~=\\"lead\\"] {
  font-size: 1.2em;
  line-height: 1.5;
  margin-top: 1em;
  margin-bottom: 1em;
}
.prose-xl blockquote {
  margin-top: 1.6em;
  margin-bottom: 1.6em;
  padding-left: 1.0666667em;
}
.prose-xl h1 {
  font-size: 2.8em;
  margin-top: 0;
  margin-bottom: 0.8571429em;
  line-height: 1;
}
.prose-xl h2 {
  font-size: 1.8em;
  margin-top: 1.5555556em;
  margin-bottom: 0.8888889em;
  line-height: 1.1111111;
}
.prose-xl h3 {
  font-size: 1.5em;
  margin-top: 1.6em;
  margin-bottom: 0.6666667em;
  line-height: 1.3333333;
}
.prose-xl h4 {
  margin-top: 1.8em;
  margin-bottom: 0.6em;
  line-height: 1.6;
}
.prose-xl img {
  margin-top: 2em;
  margin-bottom: 2em;
}
.prose-xl video {
  margin-top: 2em;
  margin-bottom: 2em;
}
.prose-xl figure {
  margin-top: 2em;
  margin-bottom: 2em;
}
.prose-xl figure > * {
  margin-top: 0;
  margin-bottom: 0;
}
.prose-xl figure figcaption {
  font-size: 0.9em;
  line-height: 1.5555556;
  margin-top: 1em;
}
.prose-xl code {
  font-size: 0.9em;
}
.prose-xl h2 code {
  font-size: 0.8611111em;
}
.prose-xl h3 code {
  font-size: 0.9em;
}
.prose-xl pre {
  font-size: 0.9em;
  line-height: 1.7777778;
  margin-top: 2em;
  margin-bottom: 2em;
  border-radius: 0.5rem;
  padding-top: 1.1111111em;
  padding-right: 1.3333333em;
  padding-bottom: 1.1111111em;
  padding-left: 1.3333333em;
}
.prose-xl ol {
  margin-top: 1.2em;
  margin-bottom: 1.2em;
}
.prose-xl ul {
  margin-top: 1.2em;
  margin-bottom: 1.2em;
}
.prose-xl li {
  margin-top: 0.6em;
  margin-bottom: 0.6em;
}
.prose-xl ol > li {
  padding-left: 1.8em;
}
.prose-xl ol > li::before {
  left: 0;
}
.prose-xl ul > li {
  padding-left: 1.8em;
}
.prose-xl ul > li::before {
  width: 0.35em;
  height: 0.35em;
  top: calc(0.9em - 0.175em);
  left: 0.25em;
}
.prose-xl > ul > li p {
  margin-top: 0.8em;
  margin-bottom: 0.8em;
}
.prose-xl > ul > li > *:first-child {
  margin-top: 1.2em;
}
.prose-xl > ul > li > *:last-child {
  margin-bottom: 1.2em;
}
.prose-xl > ol > li > *:first-child {
  margin-top: 1.2em;
}
.prose-xl > ol > li > *:last-child {
  margin-bottom: 1.2em;
}
.prose-xl ul ul, .prose-xl ul ol, .prose-xl ol ul, .prose-xl ol ol {
  margin-top: 0.8em;
  margin-bottom: 0.8em;
}
.prose-xl hr {
  margin-top: 2.8em;
  margin-bottom: 2.8em;
}
.prose-xl hr + * {
  margin-top: 0;
}
.prose-xl h2 + * {
  margin-top: 0;
}
.prose-xl h3 + * {
  margin-top: 0;
}
.prose-xl h4 + * {
  margin-top: 0;
}
.prose-xl table {
  font-size: 0.9em;
  line-height: 1.5555556;
}
.prose-xl thead th {
  padding-right: 0.6666667em;
  padding-bottom: 0.8888889em;
  padding-left: 0.6666667em;
}
.prose-xl thead th:first-child {
  padding-left: 0;
}
.prose-xl thead th:last-child {
  padding-right: 0;
}
.prose-xl tbody td {
  padding-top: 0.8888889em;
  padding-right: 0.6666667em;
  padding-bottom: 0.8888889em;
  padding-left: 0.6666667em;
}
.prose-xl tbody td:first-child {
  padding-left: 0;
}
.prose-xl tbody td:last-child {
  padding-right: 0;
}
.prose-xl > :first-child {
  margin-top: 0;
}
.prose-xl > :last-child {
  margin-bottom: 0;
}
.bg-red-50 {
  --tw-bg-opacity: 1;
  background-color: rgba(254, 242, 242, var(--tw-bg-opacity));
}
.rounded-full {
  border-radius: 9999px;
}
.block {
  display: block;
}
.font-bold {
  font-weight: 700;
}
.h-full {
  height: 100%;
}
.h-120 {
  height: 30rem;
}
.text-2xl {
  font-size: 1.5rem;
  line-height: 2rem;
}
.my-5 {
  margin-top: 1.25rem;
  margin-bottom: 1.25rem;
}
.mx-auto {
  margin-left: auto;
  margin-right: auto;
}
.py-5 {
  padding-top: 1.25rem;
  padding-bottom: 1.25rem;
}
.py-10 {
  padding-top: 2.5rem;
  padding-bottom: 2.5rem;
}
.pb-5 {
  padding-bottom: 1.25rem;
}
.absolute {
  position: absolute;
}
.top-45 {
  top: 11.25rem;
}
.left-1\\\\/2 {
  left: 50%;
}
.text-center {
  text-align: center;
}
.text-green-50 {
  --tw-text-opacity: 1;
  color: rgba(236, 253, 245, var(--tw-text-opacity));
}
.text-red-900 {
  --tw-text-opacity: 1;
  color: rgba(127, 29, 29, var(--tw-text-opacity));
}
.underline {
  text-decoration: underline;
}
.w-20 {
  width: 5rem;
}
.w-120 {
  width: 30rem;
}
.z-20 {
  z-index: 20;
}
.transform {
  --tw-translate-x: 0;
  --tw-translate-y: 0;
  --tw-rotate: 0;
  --tw-skew-x: 0;
  --tw-skew-y: 0;
  --tw-scale-x: 1;
  --tw-scale-y: 1;
  transform: translateX(var(--tw-translate-x)) translateY(var(--tw-translate-y)) rotate(var(--tw-rotate)) skewX(var(--tw-skew-x)) skewY(var(--tw-skew-y)) scaleX(var(--tw-scale-x)) scaleY(var(--tw-scale-y));
}
.hover\\\\:rotate-45:hover {
  --tw-rotate: 45deg;
}
.transition-transform {
  transition-property: transform;
  transition-timing-function: cubic-bezier(0.4, 0, 0.2, 1);
  transition-duration: 150ms;
}"
`;

exports[`Production test renders index route 1`] = `"h1{--tw-bg-opacity:1;background-color:rgba(7,89,133,var(--tw-bg-opacity))}h1 span{--tw-text-opacity:1;color:rgba(52,211,153,var(--tw-text-opacity))}"`;
